// Jest Snapshot v1, https://goo.gl/fbAQLP

exports[`unknown plugin transform in function: transform in function 1`] = `

function foo(opts) {
  var foo = opts.foo ?? "default";
}

      ↓ ↓ ↓ ↓ ↓ ↓

function foo(opts) {
  var _opts$foo = opts.foo;
  var foo = _opts$foo !== null && _opts$foo !== void 0 ? _opts$foo : "default";
}


`;
